=========================================
 Starting NDN Upload Evaluation...
=========================================
[1/3] Building and running containers...
#1 [internal] load local bake definitions
#1 reading from stdin 1.95kB done
#1 DONE 0.0s

#2 [router internal] load build definition from Dockerfile
#2 transferring dockerfile: 902B done
#2 DONE 0.0s

#3 [gateway 1/7] FROM docker.io/library/ubuntu:22.04@sha256:0e0a0fc6d18feda9db1590da249ac93e8d5abfea8f4c3c0c849ce512b5ef8982
#3 resolve docker.io/library/ubuntu:22.04@sha256:0e0a0fc6d18feda9db1590da249ac93e8d5abfea8f4c3c0c849ce512b5ef8982 0.0s done
#3 DONE 0.1s

#4 [gateway 3/7] RUN pip3 install python-ndn cryptography
#4 CACHED

#5 [gateway 2/7] RUN apt-get update &&     apt-get install -y software-properties-common &&     add-apt-repository ppa:named-data/ppa &&     apt-get update &&     apt-get install -y nfd ndn-tools python3 python3-pip iproute2                        build-essential cmake libndn-cxx-dev                        libssl-dev nlohmann-json3-dev pkg-config &&     rm -rf /var/lib/apt/lists/*
#5 CACHED

#6 [gateway 4/7] RUN cp /etc/ndn/nfd.conf.sample /etc/ndn/nfd.conf &&     ndnsec key-gen /localhost/operator | ndnsec cert-install -
#6 CACHED

#7 [gateway 5/7] WORKDIR /app
#7 CACHED

#8 [gateway internal] load metadata for docker.io/library/ubuntu:22.04
#8 DONE 0.0s

#9 [producer internal] load .dockerignore
#9 transferring context: 2B done
#9 DONE 0.0s

#10 [gateway internal] load build context
#10 transferring context: 33.04kB done
#10 DONE 0.0s

#11 [gateway 6/7] COPY . /app
#11 DONE 0.1s

#12 [gateway 7/7] RUN cmake . && make
#12 0.340 -- The CXX compiler identification is GNU 11.4.0
#12 0.348 -- Detecting CXX compiler ABI info
#12 0.434 -- Detecting CXX compiler ABI info - done
#12 0.441 -- Check for working CXX compiler: /usr/bin/c++ - skipped
#12 0.442 -- Detecting CXX compile features
#12 0.442 -- Detecting CXX compile features - done
#12 0.448 -- Found PkgConfig: /usr/bin/pkg-config (found version "0.29.2") 
#12 0.448 -- Checking for module 'libndn-cxx'
#12 0.460 --   Found libndn-cxx, version 0.8.1
#12 0.540 -- Found OpenSSL: /usr/lib/x86_64-linux-gnu/libcrypto.so (found version "3.0.2")  
#12 0.542 -- Configuring done
#12 0.555 -- Generating done
#12 0.557 -- Build files have been written to: /app
#12 0.642 [ 12%] Building CXX object CMakeFiles/crypto_utils.dir/crypto_utils.cpp.o
#12 1.090 [ 25%] Linking CXX static library libcrypto_utils.a
#12 1.118 [ 25%] Built target crypto_utils
#12 1.146 [ 37%] Building CXX object CMakeFiles/consumer.dir/consumer.cpp.o
#12 4.753 [ 50%] Linking CXX executable consumer
#12 4.894 [ 50%] Built target consumer
#12 4.921 [ 62%] Building CXX object CMakeFiles/gateway.dir/gateway.cpp.o
#12 8.861 [ 75%] Linking CXX executable gateway
#12 9.040 [ 75%] Built target gateway
#12 9.056 [ 87%] Building CXX object CMakeFiles/producer.dir/producer.cpp.o
#12 12.61 [100%] Linking CXX executable producer
#12 12.78 [100%] Built target producer
#12 DONE 12.8s

#13 [consumer] exporting to image
#13 exporting layers
#13 exporting layers 0.4s done
#13 exporting manifest sha256:c8b380458faf8efaf872cd84201c72805dab1f76f6bcd15d8d598c58f0f35d69
#13 exporting manifest sha256:c8b380458faf8efaf872cd84201c72805dab1f76f6bcd15d8d598c58f0f35d69 2.2s done
#13 exporting config sha256:e03850f8246d9b9e13bd67c14cbf185b5dbcb5e07e716765e90facc807f4df4e
#13 exporting config sha256:e03850f8246d9b9e13bd67c14cbf185b5dbcb5e07e716765e90facc807f4df4e 1.5s done
#13 exporting attestation manifest sha256:f706a3ec6283671464c8b3d5dc5f80dce2606352e3fa714b79fe1cf0cb83b687
#13 exporting attestation manifest sha256:f706a3ec6283671464c8b3d5dc5f80dce2606352e3fa714b79fe1cf0cb83b687 0.3s done
#13 exporting manifest list sha256:a69628f4566e75d09a39c5ce70c0e5bab8fd6535ad63ebab952d4a22b5bb9429
#13 exporting manifest list sha256:a69628f4566e75d09a39c5ce70c0e5bab8fd6535ad63ebab952d4a22b5bb9429 0.1s done
#13 naming to docker.io/library/proposed_method-consumer:latest 0.0s done
#13 unpacking to docker.io/library/proposed_method-consumer:latest
#13 unpacking to docker.io/library/proposed_method-consumer:latest 0.2s done
#13 DONE 4.9s

#14 [gateway] exporting to image
#14 exporting layers 0.4s done
#14 exporting manifest sha256:23ad07ec4585d05463610bb7e943ffbd16dd679e8af39c340eeef0b33d912e66 2.2s done
#14 exporting config sha256:35f908fe421b9433ee69b627ca82178cd7244e48d6e33574785d272b2529b78e 1.3s done
#14 exporting attestation manifest sha256:d3bc62e477cf9c22982a3103f3e4a4afd4b417b3d584a9bd1558c72494cb8243 0.3s done
#14 exporting manifest list sha256:898eb70485269af6d1ef8806eeacf52e26b2fb1a9bfe60e3059943aea3b1ef1e 0.1s done
#14 naming to docker.io/library/proposed_method-gateway:latest 0.0s done
#14 unpacking to docker.io/library/proposed_method-gateway:latest 0.2s done
#14 DONE 5.0s

#15 [producer] exporting to image
#15 exporting layers 0.4s done
#15 exporting manifest sha256:7c7d7c0f8a0f4eb941bc57e24b2b42ff2b889405075c93fe936abf41469c1628 2.2s done
#15 exporting config sha256:847cb186ea80ae7ac141da9ce239075c2138a1a4b496d1f61719c533bbbec67b 1.5s done
#15 exporting attestation manifest sha256:0e1db735f05b0ced659780bc5242d2874388240f380d4fe18f6633a58d6f0d54 0.3s done
#15 exporting manifest list sha256:dbf1ba410d3eadbb3fb547a6d7816ef62daa1e4fc294df6f4f5d562844c7d58e 0.1s done
#15 naming to docker.io/library/proposed_method-producer:latest 0.0s done
#15 unpacking to docker.io/library/proposed_method-producer:latest 0.2s done
#15 DONE 5.0s

#16 [router] exporting to image
#16 exporting layers 0.4s done
#16 exporting manifest sha256:b0457293d2b7382b6c5b0c95951775c98c70c7c7906768371202ee1d4cd4754a 2.2s done
#16 exporting config sha256:f3644809be40c9f9e116d44a3c689b8e90f3ad27137108d08c04458a5246083b 1.5s done
#16 exporting attestation manifest sha256:8af532f25d62ba6e5d4ad5a60bcb5fd33277be8022527b81c8c7161f290b38bf 0.3s done
#16 exporting manifest list sha256:ecc19a43a037a4cadbb265ab56f340859e7dbee3899c6a83f3ab8ed12b829547 0.1s done
#16 naming to docker.io/library/proposed_method-router:latest 0.0s done
#16 unpacking to docker.io/library/proposed_method-router:latest 0.2s done
#16 DONE 5.0s

#17 [producer] resolving provenance for metadata file
#17 DONE 0.0s

#18 [consumer] resolving provenance for metadata file
#18 DONE 0.0s

#19 [router] resolving provenance for metadata file
#19 DONE 0.0s

#20 [gateway] resolving provenance for metadata file
#20 DONE 0.0s
[2/3] Extracting and sorting logs...
[3/3] Displaying time-ordered logs:

------------------------------------------------------------------------
------------------------------------------------------------------------

=========================================
 Evaluation Complete! (Logs are also saved in 'sorted_logs.txt')
=========================================

>>> UPLOAD COMPLETION TIME RESULT <<<
Result not found. Check logs.
=========================================
 proposed_method-consumer  Built
 proposed_method-gateway  Built
 proposed_method-producer  Built
 proposed_method-router  Built
 Network proposed_method_net_cg  Creating
 Network proposed_method_net_cg  Created
 Network proposed_method_net_rp  Creating
 Network proposed_method_net_rp  Error
 Container consumer  Creating
 Container router  Creating
 Container producer  Creating
 Container gateway  Creating
 Container producer  Error response from daemon: Conflict. The container name "/producer" is already in use by container "83388c4eee4d4176549a5813c66e67edaeeb5b44991496b8d5ddece6ec09e8ae". You have to remove (or rename) that container to be able to reuse that name.
Error response from daemon: Conflict. The container name "/producer" is already in use by container "83388c4eee4d4176549a5813c66e67edaeeb5b44991496b8d5ddece6ec09e8ae". You have to remove (or rename) that container to be able to reuse that name.
